// Jest Snapshot v1, https://goo.gl/fbAQLP

exports[`App component App snapshot 1`] = `
Object {
  "asFragment": [Function],
  "baseElement": <body>
    <div>
      <div
        class="container-main container"
      >
        <header>
          <div
            class="row"
          >
            <h1
              class="header-todo"
            >
              todos
            </h1>
          </div>
        </header>
        <main>
          <div
            class="container-todo"
          >
            <div
              class="container"
            >
              <div
                class="new-task row"
              >
                <div
                  class="col-sm-2"
                >
                  <button
                    class="button-control"
                    type="button"
                  >
                    ✓
                  </button>
                </div>
                <div
                  class="col"
                >
                  <form
                    class=""
                    role="form"
                  >
                    <div
                      class="row"
                    >
                      <div
                        class="col"
                      >
                        <input
                          class="input-task"
                          data-testid="input-task"
                          placeholder="What needs to be done?"
                          type="text"
                          value=""
                        />
                      </div>
                      <div
                        class="col-sm-2"
                      >
                        <button
                          class="button-control"
                          type="submit"
                        >
                          +
                        </button>
                      </div>
                    </div>
                  </form>
                </div>
              </div>
              <div />
              <div
                class="tasks-control justify-content-between align-items-center row"
              >
                <div
                  class="col-sm-3"
                >
                  0 items left
                </div>
                <div
                  class="col-sm-auto"
                >
                  <button
                    class="button-filter button-active"
                    data-testid="filter-non"
                    name="all"
                    type="button"
                  >
                    All
                  </button>
                </div>
                <div
                  class="col-sm-auto"
                >
                  <button
                    class="button-filter"
                    data-testid="filter-active"
                    name="active"
                    type="button"
                  >
                    Active
                  </button>
                </div>
                <div
                  class="col-sm-auto"
                >
                  <button
                    class="button-filter"
                    data-testid="filter-completed"
                    name="completed"
                    type="button"
                  >
                    Completed
                  </button>
                </div>
                <div
                  class="col-sm-auto"
                >
                  <button
                    class="button-filter"
                    type="button"
                  >
                    Clear completed
                  </button>
                </div>
              </div>
            </div>
          </div>
        </main>
      </div>
    </div>
  </body>,
  "container": <div>
    <div
      class="container-main container"
    >
      <header>
        <div
          class="row"
        >
          <h1
            class="header-todo"
          >
            todos
          </h1>
        </div>
      </header>
      <main>
        <div
          class="container-todo"
        >
          <div
            class="container"
          >
            <div
              class="new-task row"
            >
              <div
                class="col-sm-2"
              >
                <button
                  class="button-control"
                  type="button"
                >
                  ✓
                </button>
              </div>
              <div
                class="col"
              >
                <form
                  class=""
                  role="form"
                >
                  <div
                    class="row"
                  >
                    <div
                      class="col"
                    >
                      <input
                        class="input-task"
                        data-testid="input-task"
                        placeholder="What needs to be done?"
                        type="text"
                        value=""
                      />
                    </div>
                    <div
                      class="col-sm-2"
                    >
                      <button
                        class="button-control"
                        type="submit"
                      >
                        +
                      </button>
                    </div>
                  </div>
                </form>
              </div>
            </div>
            <div />
            <div
              class="tasks-control justify-content-between align-items-center row"
            >
              <div
                class="col-sm-3"
              >
                0 items left
              </div>
              <div
                class="col-sm-auto"
              >
                <button
                  class="button-filter button-active"
                  data-testid="filter-non"
                  name="all"
                  type="button"
                >
                  All
                </button>
              </div>
              <div
                class="col-sm-auto"
              >
                <button
                  class="button-filter"
                  data-testid="filter-active"
                  name="active"
                  type="button"
                >
                  Active
                </button>
              </div>
              <div
                class="col-sm-auto"
              >
                <button
                  class="button-filter"
                  data-testid="filter-completed"
                  name="completed"
                  type="button"
                >
                  Completed
                </button>
              </div>
              <div
                class="col-sm-auto"
              >
                <button
                  class="button-filter"
                  type="button"
                >
                  Clear completed
                </button>
              </div>
            </div>
          </div>
        </div>
      </main>
    </div>
  </div>,
  "debug": [Function],
  "findAllByAltText": [Function],
  "findAllByDisplayValue": [Function],
  "findAllByLabelText": [Function],
  "findAllByPlaceholderText": [Function],
  "findAllByRole": [Function],
  "findAllByTestId": [Function],
  "findAllByText": [Function],
  "findAllByTitle": [Function],
  "findByAltText": [Function],
  "findByDisplayValue": [Function],
  "findByLabelText": [Function],
  "findByPlaceholderText": [Function],
  "findByRole": [Function],
  "findByTestId": [Function],
  "findByText": [Function],
  "findByTitle": [Function],
  "getAllByAltText": [Function],
  "getAllByDisplayValue": [Function],
  "getAllByLabelText": [Function],
  "getAllByPlaceholderText": [Function],
  "getAllByRole": [Function],
  "getAllByTestId": [Function],
  "getAllByText": [Function],
  "getAllByTitle": [Function],
  "getByAltText": [Function],
  "getByDisplayValue": [Function],
  "getByLabelText": [Function],
  "getByPlaceholderText": [Function],
  "getByRole": [Function],
  "getByTestId": [Function],
  "getByText": [Function],
  "getByTitle": [Function],
  "queryAllByAltText": [Function],
  "queryAllByDisplayValue": [Function],
  "queryAllByLabelText": [Function],
  "queryAllByPlaceholderText": [Function],
  "queryAllByRole": [Function],
  "queryAllByTestId": [Function],
  "queryAllByText": [Function],
  "queryAllByTitle": [Function],
  "queryByAltText": [Function],
  "queryByDisplayValue": [Function],
  "queryByLabelText": [Function],
  "queryByPlaceholderText": [Function],
  "queryByRole": [Function],
  "queryByTestId": [Function],
  "queryByText": [Function],
  "queryByTitle": [Function],
  "rerender": [Function],
  "unmount": [Function],
}
`;
